running develop
running egg_info
creating neuravac_perception.egg-info
writing neuravac_perception.egg-info/PKG-INFO
writing dependency_links to neuravac_perception.egg-info/dependency_links.txt
writing entry points to neuravac_perception.egg-info/entry_points.txt
writing requirements to neuravac_perception.egg-info/requires.txt
writing top-level names to neuravac_perception.egg-info/top_level.txt
writing manifest file 'neuravac_perception.egg-info/SOURCES.txt'
reading manifest file 'neuravac_perception.egg-info/SOURCES.txt'
writing manifest file 'neuravac_perception.egg-info/SOURCES.txt'
running build_ext
Creating /Users/ericchen/Documents/GitHub/NeuraVac/ros2_ws/install/neuravac_perception/lib/python3.12/site-packages/neuravac-perception.egg-link (link to .)
Installing perception_node script to /Users/ericchen/Documents/GitHub/NeuraVac/ros2_ws/install/neuravac_perception/lib/neuravac_perception

Installed /Users/ericchen/Documents/GitHub/NeuraVac/ros2_ws/build/neuravac_perception
running symlink_data
creating /Users/ericchen/Documents/GitHub/NeuraVac/ros2_ws/install/neuravac_perception/share/ament_index/resource_index/packages
symbolically linking /Users/ericchen/Documents/GitHub/NeuraVac/ros2_ws/build/neuravac_perception/resource/neuravac_perception -> /Users/ericchen/Documents/GitHub/NeuraVac/ros2_ws/install/neuravac_perception/share/ament_index/resource_index/packages
symbolically linking /Users/ericchen/Documents/GitHub/NeuraVac/ros2_ws/build/neuravac_perception/package.xml -> /Users/ericchen/Documents/GitHub/NeuraVac/ros2_ws/install/neuravac_perception/share/neuravac_perception
creating /Users/ericchen/Documents/GitHub/NeuraVac/ros2_ws/install/neuravac_perception/share/neuravac_perception/launch
creating /Users/ericchen/Documents/GitHub/NeuraVac/ros2_ws/install/neuravac_perception/share/neuravac_perception/config
