[1.537s] Invoking command in '/Users/ericchen/Documents/GitHub/NeuraVac/ros2_ws/build/neuravac_perception': AMENT_PREFIX_PATH=/Users/ericchen/Documents/GitHub/NeuraVac/ros2_ws/install/neuravac_base PYTHONPATH=/Users/ericchen/Documents/GitHub/NeuraVac/ros2_ws/build/neuravac_perception/prefix_override:/Users/ericchen/Documents/GitHub/NeuraVac/.venv/lib/python3.12/site-packages/colcon_core/task/python/colcon_distutils_commands:/Users/ericchen/Documents/GitHub/NeuraVac/ros2_ws/install/neuravac_perception/lib/python3.12/site-packages:/Users/ericchen/Documents/GitHub/NeuraVac/ros2_ws/build/neuravac_base:/Users/ericchen/Documents/GitHub/NeuraVac/ros2_ws/install/neuravac_base/lib/python3.12/site-packages SHLVL=2 _=/usr/bin/env /Users/ericchen/Documents/GitHub/NeuraVac/.venv/bin/python -W ignore:setup.py install is deprecated -W ignore:easy_install command is deprecated setup.py develop --editable --build-directory /Users/ericchen/Documents/GitHub/NeuraVac/ros2_ws/build/neuravac_perception/build --no-deps symlink_data
[1.651s] /Users/ericchen/Documents/GitHub/NeuraVac/.venv/lib/python3.12/site-packages/setuptools/_distutils/dist.py:289: UserWarning: Unknown distribution option: 'tests_require'
[1.651s]   warnings.warn(msg)
[1.719s] running develop
[1.790s] running egg_info
[1.801s] creating neuravac_perception.egg-info
[1.802s] writing neuravac_perception.egg-info/PKG-INFO
[1.807s] writing dependency_links to neuravac_perception.egg-info/dependency_links.txt
[1.807s] writing entry points to neuravac_perception.egg-info/entry_points.txt
[1.807s] writing requirements to neuravac_perception.egg-info/requires.txt
[1.807s] writing top-level names to neuravac_perception.egg-info/top_level.txt
[1.810s] writing manifest file 'neuravac_perception.egg-info/SOURCES.txt'
[1.833s] reading manifest file 'neuravac_perception.egg-info/SOURCES.txt'
[1.833s] writing manifest file 'neuravac_perception.egg-info/SOURCES.txt'
[1.843s] running build_ext
[1.843s] Creating /Users/ericchen/Documents/GitHub/NeuraVac/ros2_ws/install/neuravac_perception/lib/python3.12/site-packages/neuravac-perception.egg-link (link to .)
[1.844s] Installing perception_node script to /Users/ericchen/Documents/GitHub/NeuraVac/ros2_ws/install/neuravac_perception/lib/neuravac_perception
[1.844s] 
[1.844s] Installed /Users/ericchen/Documents/GitHub/NeuraVac/ros2_ws/build/neuravac_perception
[1.844s] running symlink_data
[1.844s] creating /Users/ericchen/Documents/GitHub/NeuraVac/ros2_ws/install/neuravac_perception/share/ament_index/resource_index/packages
[1.844s] symbolically linking /Users/ericchen/Documents/GitHub/NeuraVac/ros2_ws/build/neuravac_perception/resource/neuravac_perception -> /Users/ericchen/Documents/GitHub/NeuraVac/ros2_ws/install/neuravac_perception/share/ament_index/resource_index/packages
[1.847s] symbolically linking /Users/ericchen/Documents/GitHub/NeuraVac/ros2_ws/build/neuravac_perception/package.xml -> /Users/ericchen/Documents/GitHub/NeuraVac/ros2_ws/install/neuravac_perception/share/neuravac_perception
[1.849s] creating /Users/ericchen/Documents/GitHub/NeuraVac/ros2_ws/install/neuravac_perception/share/neuravac_perception/launch
[1.849s] creating /Users/ericchen/Documents/GitHub/NeuraVac/ros2_ws/install/neuravac_perception/share/neuravac_perception/config
[1.895s] Invoked command in '/Users/ericchen/Documents/GitHub/NeuraVac/ros2_ws/build/neuravac_perception' returned '0': AMENT_PREFIX_PATH=/Users/ericchen/Documents/GitHub/NeuraVac/ros2_ws/install/neuravac_base PYTHONPATH=/Users/ericchen/Documents/GitHub/NeuraVac/ros2_ws/build/neuravac_perception/prefix_override:/Users/ericchen/Documents/GitHub/NeuraVac/.venv/lib/python3.12/site-packages/colcon_core/task/python/colcon_distutils_commands:/Users/ericchen/Documents/GitHub/NeuraVac/ros2_ws/install/neuravac_perception/lib/python3.12/site-packages:/Users/ericchen/Documents/GitHub/NeuraVac/ros2_ws/build/neuravac_base:/Users/ericchen/Documents/GitHub/NeuraVac/ros2_ws/install/neuravac_base/lib/python3.12/site-packages SHLVL=2 _=/usr/bin/env /Users/ericchen/Documents/GitHub/NeuraVac/.venv/bin/python -W ignore:setup.py install is deprecated -W ignore:easy_install command is deprecated setup.py develop --editable --build-directory /Users/ericchen/Documents/GitHub/NeuraVac/ros2_ws/build/neuravac_perception/build --no-deps symlink_data
