[1.417s] Invoking command in '/workspace/ros2_ws/build/neuravac_safety': AMENT_PREFIX_PATH=/workspace/ros2_ws/install/neuravac_base:${AMENT_PREFIX_PATH} PS1=(neuravac-ros) PYTHONPATH=/workspace/ros2_ws/build/neuravac_safety/prefix_override:/usr/lib/python3/dist-packages/colcon_core/task/python/colcon_distutils_commands:/workspace/ros2_ws/install/neuravac_safety/lib/python3.12/site-packages:/workspace/ros2_ws/build/neuravac_base:/workspace/ros2_ws/install/neuravac_base/lib/python3.12/site-packages:${PYTHONPATH} VIRTUAL_ENV_PROMPT=(neuravac-ros) /tmp/neuravac-ros/bin/python -W ignore:setup.py install is deprecated -W ignore:easy_install command is deprecated setup.py develop --editable --build-directory /workspace/ros2_ws/build/neuravac_safety/build --no-deps symlink_data
[1.601s] running develop
[1.699s] running egg_info
[1.700s] creating neuravac_safety.egg-info
[1.709s] writing neuravac_safety.egg-info/PKG-INFO
[1.710s] writing dependency_links to neuravac_safety.egg-info/dependency_links.txt
[1.714s] writing entry points to neuravac_safety.egg-info/entry_points.txt
[1.717s] writing requirements to neuravac_safety.egg-info/requires.txt
[1.726s] writing top-level names to neuravac_safety.egg-info/top_level.txt
[1.728s] writing manifest file 'neuravac_safety.egg-info/SOURCES.txt'
[1.765s] reading manifest file 'neuravac_safety.egg-info/SOURCES.txt'
[1.778s] writing manifest file 'neuravac_safety.egg-info/SOURCES.txt'
[1.796s] running build_ext
[1.797s] Creating /workspace/ros2_ws/install/neuravac_safety/lib/python3.12/site-packages/neuravac-safety.egg-link (link to .)
[1.798s] Installing safety_node script to /workspace/ros2_ws/install/neuravac_safety/lib/neuravac_safety
[1.799s] 
[1.799s] Installed /workspace/ros2_ws/build/neuravac_safety
[1.800s] running symlink_data
[1.802s] creating /workspace/ros2_ws/install/neuravac_safety/share/ament_index
[1.803s] creating /workspace/ros2_ws/install/neuravac_safety/share/ament_index/resource_index
[1.806s] creating /workspace/ros2_ws/install/neuravac_safety/share/ament_index/resource_index/packages
[1.807s] symbolically linking /workspace/ros2_ws/build/neuravac_safety/resource/neuravac_safety -> /workspace/ros2_ws/install/neuravac_safety/share/ament_index/resource_index/packages
[1.809s] symbolically linking /workspace/ros2_ws/build/neuravac_safety/package.xml -> /workspace/ros2_ws/install/neuravac_safety/share/neuravac_safety
[1.811s] creating /workspace/ros2_ws/install/neuravac_safety/share/neuravac_safety/launch
[1.811s] creating /workspace/ros2_ws/install/neuravac_safety/share/neuravac_safety/config
[1.848s] Invoked command in '/workspace/ros2_ws/build/neuravac_safety' returned '0': AMENT_PREFIX_PATH=/workspace/ros2_ws/install/neuravac_base:${AMENT_PREFIX_PATH} PS1=(neuravac-ros) PYTHONPATH=/workspace/ros2_ws/build/neuravac_safety/prefix_override:/usr/lib/python3/dist-packages/colcon_core/task/python/colcon_distutils_commands:/workspace/ros2_ws/install/neuravac_safety/lib/python3.12/site-packages:/workspace/ros2_ws/build/neuravac_base:/workspace/ros2_ws/install/neuravac_base/lib/python3.12/site-packages:${PYTHONPATH} VIRTUAL_ENV_PROMPT=(neuravac-ros) /tmp/neuravac-ros/bin/python -W ignore:setup.py install is deprecated -W ignore:easy_install command is deprecated setup.py develop --editable --build-directory /workspace/ros2_ws/build/neuravac_safety/build --no-deps symlink_data
