[0.483s] Invoking command in '/workspace/ros2_ws/build/neuravac_base': PS1=(neuravac-ros) PYTHONPATH=/workspace/ros2_ws/build/neuravac_base/prefix_override:/usr/lib/python3/dist-packages/colcon_core/task/python/colcon_distutils_commands:/workspace/ros2_ws/install/neuravac_base/lib/python3.12/site-packages:${PYTHONPATH} VIRTUAL_ENV_PROMPT=(neuravac-ros) /tmp/neuravac-ros/bin/python -W ignore:setup.py install is deprecated -W ignore:easy_install command is deprecated setup.py develop --editable --build-directory /workspace/ros2_ws/build/neuravac_base/build --no-deps symlink_data
[0.607s] running develop
[0.670s] running egg_info
[0.672s] writing neuravac_base.egg-info/PKG-INFO
[0.673s] writing dependency_links to neuravac_base.egg-info/dependency_links.txt
[0.673s] writing entry points to neuravac_base.egg-info/entry_points.txt
[0.674s] writing requirements to neuravac_base.egg-info/requires.txt
[0.674s] writing top-level names to neuravac_base.egg-info/top_level.txt
[0.687s] reading manifest file 'neuravac_base.egg-info/SOURCES.txt'
[0.688s] writing manifest file 'neuravac_base.egg-info/SOURCES.txt'
[0.695s] running build_ext
[0.695s] Creating /workspace/ros2_ws/install/neuravac_base/lib/python3.12/site-packages/neuravac-base.egg-link (link to .)
[0.696s] Installing base_node script to /workspace/ros2_ws/install/neuravac_base/lib/neuravac_base
[0.697s] Installing simulation_node script to /workspace/ros2_ws/install/neuravac_base/lib/neuravac_base
[0.697s] 
[0.698s] Installed /workspace/ros2_ws/build/neuravac_base
[0.700s] running symlink_data
[0.700s] symbolically linking /workspace/ros2_ws/build/neuravac_base/resource/neuravac_base -> /workspace/ros2_ws/install/neuravac_base/share/ament_index/resource_index/packages
[0.700s] error: [Errno 17] File exists: '/workspace/ros2_ws/build/neuravac_base/resource/neuravac_base' -> '/workspace/ros2_ws/install/neuravac_base/share/ament_index/resource_index/packages/neuravac_base'
[0.715s] Invoked command in '/workspace/ros2_ws/build/neuravac_base' returned '1': PS1=(neuravac-ros) PYTHONPATH=/workspace/ros2_ws/build/neuravac_base/prefix_override:/usr/lib/python3/dist-packages/colcon_core/task/python/colcon_distutils_commands:/workspace/ros2_ws/install/neuravac_base/lib/python3.12/site-packages:${PYTHONPATH} VIRTUAL_ENV_PROMPT=(neuravac-ros) /tmp/neuravac-ros/bin/python -W ignore:setup.py install is deprecated -W ignore:easy_install command is deprecated setup.py develop --editable --build-directory /workspace/ros2_ws/build/neuravac_base/build --no-deps symlink_data
