running develop
running egg_info
creating neuravac_planner.egg-info
writing neuravac_planner.egg-info/PKG-INFO
writing dependency_links to neuravac_planner.egg-info/dependency_links.txt
writing entry points to neuravac_planner.egg-info/entry_points.txt
writing requirements to neuravac_planner.egg-info/requires.txt
writing top-level names to neuravac_planner.egg-info/top_level.txt
writing manifest file 'neuravac_planner.egg-info/SOURCES.txt'
reading manifest file 'neuravac_planner.egg-info/SOURCES.txt'
writing manifest file 'neuravac_planner.egg-info/SOURCES.txt'
running build_ext
Creating /Users/ericchen/Documents/GitHub/NeuraVac/ros2_ws/install/neuravac_planner/lib/python3.12/site-packages/neuravac-planner.egg-link (link to .)
Installing planner_node script to /Users/ericchen/Documents/GitHub/NeuraVac/ros2_ws/install/neuravac_planner/lib/neuravac_planner

Installed /Users/ericchen/Documents/GitHub/NeuraVac/ros2_ws/build/neuravac_planner
running symlink_data
creating /Users/ericchen/Documents/GitHub/NeuraVac/ros2_ws/install/neuravac_planner/share/ament_index/resource_index/packages
symbolically linking /Users/ericchen/Documents/GitHub/NeuraVac/ros2_ws/build/neuravac_planner/resource/neuravac_planner -> /Users/ericchen/Documents/GitHub/NeuraVac/ros2_ws/install/neuravac_planner/share/ament_index/resource_index/packages
symbolically linking /Users/ericchen/Documents/GitHub/NeuraVac/ros2_ws/build/neuravac_planner/package.xml -> /Users/ericchen/Documents/GitHub/NeuraVac/ros2_ws/install/neuravac_planner/share/neuravac_planner
creating /Users/ericchen/Documents/GitHub/NeuraVac/ros2_ws/install/neuravac_planner/share/neuravac_planner/launch
creating /Users/ericchen/Documents/GitHub/NeuraVac/ros2_ws/install/neuravac_planner/share/neuravac_planner/config
