[1.568s] Invoking command in '/Users/ericchen/Documents/GitHub/NeuraVac/ros2_ws/build/neuravac_planner': AMENT_PREFIX_PATH=/Users/ericchen/Documents/GitHub/NeuraVac/ros2_ws/install/neuravac_base PYTHONPATH=/Users/ericchen/Documents/GitHub/NeuraVac/ros2_ws/build/neuravac_planner/prefix_override:/Users/ericchen/Documents/GitHub/NeuraVac/.venv/lib/python3.12/site-packages/colcon_core/task/python/colcon_distutils_commands:/Users/ericchen/Documents/GitHub/NeuraVac/ros2_ws/install/neuravac_planner/lib/python3.12/site-packages:/Users/ericchen/Documents/GitHub/NeuraVac/ros2_ws/build/neuravac_base:/Users/ericchen/Documents/GitHub/NeuraVac/ros2_ws/install/neuravac_base/lib/python3.12/site-packages SHLVL=2 _=/usr/bin/env /Users/ericchen/Documents/GitHub/NeuraVac/.venv/bin/python -W ignore:setup.py install is deprecated -W ignore:easy_install command is deprecated setup.py develop --editable --build-directory /Users/ericchen/Documents/GitHub/NeuraVac/ros2_ws/build/neuravac_planner/build --no-deps symlink_data
[1.697s] /Users/ericchen/Documents/GitHub/NeuraVac/.venv/lib/python3.12/site-packages/setuptools/_distutils/dist.py:289: UserWarning: Unknown distribution option: 'tests_require'
[1.697s]   warnings.warn(msg)
[1.780s] running develop
[1.871s] running egg_info
[1.879s] creating neuravac_planner.egg-info
[1.879s] writing neuravac_planner.egg-info/PKG-INFO
[1.884s] writing dependency_links to neuravac_planner.egg-info/dependency_links.txt
[1.884s] writing entry points to neuravac_planner.egg-info/entry_points.txt
[1.884s] writing requirements to neuravac_planner.egg-info/requires.txt
[1.885s] writing top-level names to neuravac_planner.egg-info/top_level.txt
[1.885s] writing manifest file 'neuravac_planner.egg-info/SOURCES.txt'
[1.918s] reading manifest file 'neuravac_planner.egg-info/SOURCES.txt'
[1.918s] writing manifest file 'neuravac_planner.egg-info/SOURCES.txt'
[1.918s] running build_ext
[1.918s] Creating /Users/ericchen/Documents/GitHub/NeuraVac/ros2_ws/install/neuravac_planner/lib/python3.12/site-packages/neuravac-planner.egg-link (link to .)
[1.918s] Installing planner_node script to /Users/ericchen/Documents/GitHub/NeuraVac/ros2_ws/install/neuravac_planner/lib/neuravac_planner
[1.918s] 
[1.919s] Installed /Users/ericchen/Documents/GitHub/NeuraVac/ros2_ws/build/neuravac_planner
[1.919s] running symlink_data
[1.919s] creating /Users/ericchen/Documents/GitHub/NeuraVac/ros2_ws/install/neuravac_planner/share/ament_index/resource_index/packages
[1.932s] symbolically linking /Users/ericchen/Documents/GitHub/NeuraVac/ros2_ws/build/neuravac_planner/resource/neuravac_planner -> /Users/ericchen/Documents/GitHub/NeuraVac/ros2_ws/install/neuravac_planner/share/ament_index/resource_index/packages
[1.932s] symbolically linking /Users/ericchen/Documents/GitHub/NeuraVac/ros2_ws/build/neuravac_planner/package.xml -> /Users/ericchen/Documents/GitHub/NeuraVac/ros2_ws/install/neuravac_planner/share/neuravac_planner
[1.932s] creating /Users/ericchen/Documents/GitHub/NeuraVac/ros2_ws/install/neuravac_planner/share/neuravac_planner/launch
[1.932s] creating /Users/ericchen/Documents/GitHub/NeuraVac/ros2_ws/install/neuravac_planner/share/neuravac_planner/config
[1.963s] Invoked command in '/Users/ericchen/Documents/GitHub/NeuraVac/ros2_ws/build/neuravac_planner' returned '0': AMENT_PREFIX_PATH=/Users/ericchen/Documents/GitHub/NeuraVac/ros2_ws/install/neuravac_base PYTHONPATH=/Users/ericchen/Documents/GitHub/NeuraVac/ros2_ws/build/neuravac_planner/prefix_override:/Users/ericchen/Documents/GitHub/NeuraVac/.venv/lib/python3.12/site-packages/colcon_core/task/python/colcon_distutils_commands:/Users/ericchen/Documents/GitHub/NeuraVac/ros2_ws/install/neuravac_planner/lib/python3.12/site-packages:/Users/ericchen/Documents/GitHub/NeuraVac/ros2_ws/build/neuravac_base:/Users/ericchen/Documents/GitHub/NeuraVac/ros2_ws/install/neuravac_base/lib/python3.12/site-packages SHLVL=2 _=/usr/bin/env /Users/ericchen/Documents/GitHub/NeuraVac/.venv/bin/python -W ignore:setup.py install is deprecated -W ignore:easy_install command is deprecated setup.py develop --editable --build-directory /Users/ericchen/Documents/GitHub/NeuraVac/ros2_ws/build/neuravac_planner/build --no-deps symlink_data
