running develop
running egg_info
creating neuravac_base.egg-info
writing neuravac_base.egg-info/PKG-INFO
writing dependency_links to neuravac_base.egg-info/dependency_links.txt
writing entry points to neuravac_base.egg-info/entry_points.txt
writing requirements to neuravac_base.egg-info/requires.txt
writing top-level names to neuravac_base.egg-info/top_level.txt
writing manifest file 'neuravac_base.egg-info/SOURCES.txt'
reading manifest file 'neuravac_base.egg-info/SOURCES.txt'
writing manifest file 'neuravac_base.egg-info/SOURCES.txt'
running build_ext
Creating /Users/ericchen/Documents/GitHub/NeuraVac/ros2_ws/install/neuravac_base/lib/python3.12/site-packages/neuravac-base.egg-link (link to .)
Installing base_node script to /Users/ericchen/Documents/GitHub/NeuraVac/ros2_ws/install/neuravac_base/lib/neuravac_base
Installing simulation_node script to /Users/ericchen/Documents/GitHub/NeuraVac/ros2_ws/install/neuravac_base/lib/neuravac_base

Installed /Users/ericchen/Documents/GitHub/NeuraVac/ros2_ws/build/neuravac_base
running symlink_data
creating /Users/ericchen/Documents/GitHub/NeuraVac/ros2_ws/install/neuravac_base/share/ament_index/resource_index/packages
symbolically linking /Users/ericchen/Documents/GitHub/NeuraVac/ros2_ws/build/neuravac_base/resource/neuravac_base -> /Users/ericchen/Documents/GitHub/NeuraVac/ros2_ws/install/neuravac_base/share/ament_index/resource_index/packages
symbolically linking /Users/ericchen/Documents/GitHub/NeuraVac/ros2_ws/build/neuravac_base/package.xml -> /Users/ericchen/Documents/GitHub/NeuraVac/ros2_ws/install/neuravac_base/share/neuravac_base
creating /Users/ericchen/Documents/GitHub/NeuraVac/ros2_ws/install/neuravac_base/share/neuravac_base/launch
creating /Users/ericchen/Documents/GitHub/NeuraVac/ros2_ws/install/neuravac_base/share/neuravac_base/config
