[0.711s] Invoking command in '/Users/ericchen/Documents/GitHub/NeuraVac/ros2_ws/build/neuravac_base': PYTHONPATH=/Users/ericchen/Documents/GitHub/NeuraVac/ros2_ws/build/neuravac_base/prefix_override:/Users/ericchen/Documents/GitHub/NeuraVac/.venv/lib/python3.12/site-packages/colcon_core/task/python/colcon_distutils_commands:/Users/ericchen/Documents/GitHub/NeuraVac/ros2_ws/install/neuravac_base/lib/python3.12/site-packages: SHLVL=2 _=/usr/bin/env /Users/ericchen/Documents/GitHub/NeuraVac/.venv/bin/python -W ignore:setup.py install is deprecated -W ignore:easy_install command is deprecated setup.py develop --editable --build-directory /Users/ericchen/Documents/GitHub/NeuraVac/ros2_ws/build/neuravac_base/build --no-deps symlink_data
[0.794s] /Users/ericchen/Documents/GitHub/NeuraVac/.venv/lib/python3.12/site-packages/setuptools/_distutils/dist.py:289: UserWarning: Unknown distribution option: 'tests_require'
[0.794s]   warnings.warn(msg)
[0.836s] running develop
[0.871s] running egg_info
[0.874s] creating neuravac_base.egg-info
[0.874s] writing neuravac_base.egg-info/PKG-INFO
[0.875s] writing dependency_links to neuravac_base.egg-info/dependency_links.txt
[0.875s] writing entry points to neuravac_base.egg-info/entry_points.txt
[0.876s] writing requirements to neuravac_base.egg-info/requires.txt
[0.876s] writing top-level names to neuravac_base.egg-info/top_level.txt
[0.876s] writing manifest file 'neuravac_base.egg-info/SOURCES.txt'
[0.884s] reading manifest file 'neuravac_base.egg-info/SOURCES.txt'
[0.885s] writing manifest file 'neuravac_base.egg-info/SOURCES.txt'
[0.889s] running build_ext
[0.889s] Creating /Users/ericchen/Documents/GitHub/NeuraVac/ros2_ws/install/neuravac_base/lib/python3.12/site-packages/neuravac-base.egg-link (link to .)
[0.890s] Installing base_node script to /Users/ericchen/Documents/GitHub/NeuraVac/ros2_ws/install/neuravac_base/lib/neuravac_base
[0.890s] Installing simulation_node script to /Users/ericchen/Documents/GitHub/NeuraVac/ros2_ws/install/neuravac_base/lib/neuravac_base
[0.890s] 
[0.890s] Installed /Users/ericchen/Documents/GitHub/NeuraVac/ros2_ws/build/neuravac_base
[0.890s] running symlink_data
[0.891s] creating /Users/ericchen/Documents/GitHub/NeuraVac/ros2_ws/install/neuravac_base/share/ament_index/resource_index/packages
[0.891s] symbolically linking /Users/ericchen/Documents/GitHub/NeuraVac/ros2_ws/build/neuravac_base/resource/neuravac_base -> /Users/ericchen/Documents/GitHub/NeuraVac/ros2_ws/install/neuravac_base/share/ament_index/resource_index/packages
[0.891s] symbolically linking /Users/ericchen/Documents/GitHub/NeuraVac/ros2_ws/build/neuravac_base/package.xml -> /Users/ericchen/Documents/GitHub/NeuraVac/ros2_ws/install/neuravac_base/share/neuravac_base
[0.891s] creating /Users/ericchen/Documents/GitHub/NeuraVac/ros2_ws/install/neuravac_base/share/neuravac_base/launch
[0.891s] creating /Users/ericchen/Documents/GitHub/NeuraVac/ros2_ws/install/neuravac_base/share/neuravac_base/config
[0.907s] Invoked command in '/Users/ericchen/Documents/GitHub/NeuraVac/ros2_ws/build/neuravac_base' returned '0': PYTHONPATH=/Users/ericchen/Documents/GitHub/NeuraVac/ros2_ws/build/neuravac_base/prefix_override:/Users/ericchen/Documents/GitHub/NeuraVac/.venv/lib/python3.12/site-packages/colcon_core/task/python/colcon_distutils_commands:/Users/ericchen/Documents/GitHub/NeuraVac/ros2_ws/install/neuravac_base/lib/python3.12/site-packages: SHLVL=2 _=/usr/bin/env /Users/ericchen/Documents/GitHub/NeuraVac/.venv/bin/python -W ignore:setup.py install is deprecated -W ignore:easy_install command is deprecated setup.py develop --editable --build-directory /Users/ericchen/Documents/GitHub/NeuraVac/ros2_ws/build/neuravac_base/build --no-deps symlink_data
