running develop
running egg_info
creating neuravac_world_model.egg-info
writing neuravac_world_model.egg-info/PKG-INFO
writing dependency_links to neuravac_world_model.egg-info/dependency_links.txt
writing entry points to neuravac_world_model.egg-info/entry_points.txt
writing requirements to neuravac_world_model.egg-info/requires.txt
writing top-level names to neuravac_world_model.egg-info/top_level.txt
writing manifest file 'neuravac_world_model.egg-info/SOURCES.txt'
reading manifest file 'neuravac_world_model.egg-info/SOURCES.txt'
writing manifest file 'neuravac_world_model.egg-info/SOURCES.txt'
running build_ext
Creating /workspace/ros2_ws/install/neuravac_world_model/lib/python3.12/site-packages/neuravac-world-model.egg-link (link to .)
Installing world_model_node script to /workspace/ros2_ws/install/neuravac_world_model/lib/neuravac_world_model

Installed /workspace/ros2_ws/build/neuravac_world_model
running symlink_data
creating /workspace/ros2_ws/install/neuravac_world_model/share/ament_index
creating /workspace/ros2_ws/install/neuravac_world_model/share/ament_index/resource_index
creating /workspace/ros2_ws/install/neuravac_world_model/share/ament_index/resource_index/packages
symbolically linking /workspace/ros2_ws/build/neuravac_world_model/resource/neuravac_world_model -> /workspace/ros2_ws/install/neuravac_world_model/share/ament_index/resource_index/packages
symbolically linking /workspace/ros2_ws/build/neuravac_world_model/package.xml -> /workspace/ros2_ws/install/neuravac_world_model/share/neuravac_world_model
creating /workspace/ros2_ws/install/neuravac_world_model/share/neuravac_world_model/launch
creating /workspace/ros2_ws/install/neuravac_world_model/share/neuravac_world_model/config
