[0.455s] Invoking command in '/workspace/ros2_ws/build/neuravac_base': PS1=(neuravac-ros) PYTHONPATH=/workspace/ros2_ws/build/neuravac_base/prefix_override:/usr/lib/python3/dist-packages/colcon_core/task/python/colcon_distutils_commands:/workspace/ros2_ws/install/neuravac_base/lib/python3.12/site-packages:${PYTHONPATH} VIRTUAL_ENV_PROMPT=(neuravac-ros) /tmp/neuravac-ros/bin/python -W ignore:setup.py install is deprecated -W ignore:easy_install command is deprecated setup.py develop --editable --build-directory /workspace/ros2_ws/build/neuravac_base/build --no-deps symlink_data
[0.570s] running develop
[0.632s] running egg_info
[0.633s] creating neuravac_base.egg-info
[0.633s] writing neuravac_base.egg-info/PKG-INFO
[0.634s] writing dependency_links to neuravac_base.egg-info/dependency_links.txt
[0.634s] writing entry points to neuravac_base.egg-info/entry_points.txt
[0.635s] writing requirements to neuravac_base.egg-info/requires.txt
[0.635s] writing top-level names to neuravac_base.egg-info/top_level.txt
[0.635s] writing manifest file 'neuravac_base.egg-info/SOURCES.txt'
[0.648s] reading manifest file 'neuravac_base.egg-info/SOURCES.txt'
[0.649s] writing manifest file 'neuravac_base.egg-info/SOURCES.txt'
[0.655s] running build_ext
[0.655s] Creating /workspace/ros2_ws/install/neuravac_base/lib/python3.12/site-packages/neuravac-base.egg-link (link to .)
[0.656s] Installing base_node script to /workspace/ros2_ws/install/neuravac_base/lib/neuravac_base
[0.657s] Installing simulation_node script to /workspace/ros2_ws/install/neuravac_base/lib/neuravac_base
[0.657s] 
[0.657s] Installed /workspace/ros2_ws/build/neuravac_base
[0.658s] running symlink_data
[0.658s] creating /workspace/ros2_ws/install/neuravac_base/share/ament_index
[0.658s] creating /workspace/ros2_ws/install/neuravac_base/share/ament_index/resource_index
[0.659s] creating /workspace/ros2_ws/install/neuravac_base/share/ament_index/resource_index/packages
[0.662s] symbolically linking /workspace/ros2_ws/build/neuravac_base/resource/neuravac_base -> /workspace/ros2_ws/install/neuravac_base/share/ament_index/resource_index/packages
[0.662s] symbolically linking /workspace/ros2_ws/build/neuravac_base/package.xml -> /workspace/ros2_ws/install/neuravac_base/share/neuravac_base
[0.662s] creating /workspace/ros2_ws/install/neuravac_base/share/neuravac_base/launch
[0.662s] creating /workspace/ros2_ws/install/neuravac_base/share/neuravac_base/config
[0.676s] Invoked command in '/workspace/ros2_ws/build/neuravac_base' returned '0': PS1=(neuravac-ros) PYTHONPATH=/workspace/ros2_ws/build/neuravac_base/prefix_override:/usr/lib/python3/dist-packages/colcon_core/task/python/colcon_distutils_commands:/workspace/ros2_ws/install/neuravac_base/lib/python3.12/site-packages:${PYTHONPATH} VIRTUAL_ENV_PROMPT=(neuravac-ros) /tmp/neuravac-ros/bin/python -W ignore:setup.py install is deprecated -W ignore:easy_install command is deprecated setup.py develop --editable --build-directory /workspace/ros2_ws/build/neuravac_base/build --no-deps symlink_data
