[1.575s] Invoking command in '/Users/ericchen/Documents/GitHub/NeuraVac/ros2_ws/build/neuravac_safety': AMENT_PREFIX_PATH=/Users/ericchen/Documents/GitHub/NeuraVac/ros2_ws/install/neuravac_base PYTHONPATH=/Users/ericchen/Documents/GitHub/NeuraVac/ros2_ws/build/neuravac_safety/prefix_override:/Users/ericchen/Documents/GitHub/NeuraVac/.venv/lib/python3.12/site-packages/colcon_core/task/python/colcon_distutils_commands:/Users/ericchen/Documents/GitHub/NeuraVac/ros2_ws/install/neuravac_safety/lib/python3.12/site-packages:/Users/ericchen/Documents/GitHub/NeuraVac/ros2_ws/build/neuravac_base:/Users/ericchen/Documents/GitHub/NeuraVac/ros2_ws/install/neuravac_base/lib/python3.12/site-packages SHLVL=2 _=/usr/bin/env /Users/ericchen/Documents/GitHub/NeuraVac/.venv/bin/python -W ignore:setup.py install is deprecated -W ignore:easy_install command is deprecated setup.py develop --editable --build-directory /Users/ericchen/Documents/GitHub/NeuraVac/ros2_ws/build/neuravac_safety/build --no-deps symlink_data
[1.705s] /Users/ericchen/Documents/GitHub/NeuraVac/.venv/lib/python3.12/site-packages/setuptools/_distutils/dist.py:289: UserWarning: Unknown distribution option: 'tests_require'
[1.705s]   warnings.warn(msg)
[1.787s] running develop
[1.876s] running egg_info
[1.907s] creating neuravac_safety.egg-info
[1.907s] writing neuravac_safety.egg-info/PKG-INFO
[1.907s] writing dependency_links to neuravac_safety.egg-info/dependency_links.txt
[1.907s] writing entry points to neuravac_safety.egg-info/entry_points.txt
[1.908s] writing requirements to neuravac_safety.egg-info/requires.txt
[1.908s] writing top-level names to neuravac_safety.egg-info/top_level.txt
[1.908s] writing manifest file 'neuravac_safety.egg-info/SOURCES.txt'
[1.923s] reading manifest file 'neuravac_safety.egg-info/SOURCES.txt'
[1.923s] writing manifest file 'neuravac_safety.egg-info/SOURCES.txt'
[1.923s] running build_ext
[1.923s] Creating /Users/ericchen/Documents/GitHub/NeuraVac/ros2_ws/install/neuravac_safety/lib/python3.12/site-packages/neuravac-safety.egg-link (link to .)
[1.923s] Installing safety_node script to /Users/ericchen/Documents/GitHub/NeuraVac/ros2_ws/install/neuravac_safety/lib/neuravac_safety
[1.923s] 
[1.923s] Installed /Users/ericchen/Documents/GitHub/NeuraVac/ros2_ws/build/neuravac_safety
[1.923s] running symlink_data
[1.923s] creating /Users/ericchen/Documents/GitHub/NeuraVac/ros2_ws/install/neuravac_safety/share/ament_index/resource_index/packages
[1.923s] symbolically linking /Users/ericchen/Documents/GitHub/NeuraVac/ros2_ws/build/neuravac_safety/resource/neuravac_safety -> /Users/ericchen/Documents/GitHub/NeuraVac/ros2_ws/install/neuravac_safety/share/ament_index/resource_index/packages
[1.924s] symbolically linking /Users/ericchen/Documents/GitHub/NeuraVac/ros2_ws/build/neuravac_safety/package.xml -> /Users/ericchen/Documents/GitHub/NeuraVac/ros2_ws/install/neuravac_safety/share/neuravac_safety
[1.924s] creating /Users/ericchen/Documents/GitHub/NeuraVac/ros2_ws/install/neuravac_safety/share/neuravac_safety/launch
[1.924s] creating /Users/ericchen/Documents/GitHub/NeuraVac/ros2_ws/install/neuravac_safety/share/neuravac_safety/config
[1.960s] Invoked command in '/Users/ericchen/Documents/GitHub/NeuraVac/ros2_ws/build/neuravac_safety' returned '0': AMENT_PREFIX_PATH=/Users/ericchen/Documents/GitHub/NeuraVac/ros2_ws/install/neuravac_base PYTHONPATH=/Users/ericchen/Documents/GitHub/NeuraVac/ros2_ws/build/neuravac_safety/prefix_override:/Users/ericchen/Documents/GitHub/NeuraVac/.venv/lib/python3.12/site-packages/colcon_core/task/python/colcon_distutils_commands:/Users/ericchen/Documents/GitHub/NeuraVac/ros2_ws/install/neuravac_safety/lib/python3.12/site-packages:/Users/ericchen/Documents/GitHub/NeuraVac/ros2_ws/build/neuravac_base:/Users/ericchen/Documents/GitHub/NeuraVac/ros2_ws/install/neuravac_base/lib/python3.12/site-packages SHLVL=2 _=/usr/bin/env /Users/ericchen/Documents/GitHub/NeuraVac/.venv/bin/python -W ignore:setup.py install is deprecated -W ignore:easy_install command is deprecated setup.py develop --editable --build-directory /Users/ericchen/Documents/GitHub/NeuraVac/ros2_ws/build/neuravac_safety/build --no-deps symlink_data
