running develop
running egg_info
creating neuravac_cloud.egg-info
writing neuravac_cloud.egg-info/PKG-INFO
writing dependency_links to neuravac_cloud.egg-info/dependency_links.txt
writing entry points to neuravac_cloud.egg-info/entry_points.txt
writing requirements to neuravac_cloud.egg-info/requires.txt
writing top-level names to neuravac_cloud.egg-info/top_level.txt
writing manifest file 'neuravac_cloud.egg-info/SOURCES.txt'
reading manifest file 'neuravac_cloud.egg-info/SOURCES.txt'
writing manifest file 'neuravac_cloud.egg-info/SOURCES.txt'
running build_ext
Creating /workspace/ros2_ws/install/neuravac_cloud/lib/python3.12/site-packages/neuravac-cloud.egg-link (link to .)
Installing cloud_node script to /workspace/ros2_ws/install/neuravac_cloud/lib/neuravac_cloud

Installed /workspace/ros2_ws/build/neuravac_cloud
running symlink_data
creating /workspace/ros2_ws/install/neuravac_cloud/share/ament_index
creating /workspace/ros2_ws/install/neuravac_cloud/share/ament_index/resource_index
creating /workspace/ros2_ws/install/neuravac_cloud/share/ament_index/resource_index/packages
symbolically linking /workspace/ros2_ws/build/neuravac_cloud/resource/neuravac_cloud -> /workspace/ros2_ws/install/neuravac_cloud/share/ament_index/resource_index/packages
symbolically linking /workspace/ros2_ws/build/neuravac_cloud/package.xml -> /workspace/ros2_ws/install/neuravac_cloud/share/neuravac_cloud
creating /workspace/ros2_ws/install/neuravac_cloud/share/neuravac_cloud/launch
creating /workspace/ros2_ws/install/neuravac_cloud/share/neuravac_cloud/config
