[1.434s] Invoking command in '/workspace/ros2_ws/build/neuravac_cloud': AMENT_PREFIX_PATH=/workspace/ros2_ws/install/neuravac_base:${AMENT_PREFIX_PATH} PS1=(neuravac-ros) PYTHONPATH=/workspace/ros2_ws/build/neuravac_cloud/prefix_override:/usr/lib/python3/dist-packages/colcon_core/task/python/colcon_distutils_commands:/workspace/ros2_ws/install/neuravac_cloud/lib/python3.12/site-packages:/workspace/ros2_ws/build/neuravac_base:/workspace/ros2_ws/install/neuravac_base/lib/python3.12/site-packages:${PYTHONPATH} VIRTUAL_ENV_PROMPT=(neuravac-ros) /tmp/neuravac-ros/bin/python -W ignore:setup.py install is deprecated -W ignore:easy_install command is deprecated setup.py develop --editable --build-directory /workspace/ros2_ws/build/neuravac_cloud/build --no-deps symlink_data
[1.626s] running develop
[1.733s] running egg_info
[1.736s] creating neuravac_cloud.egg-info
[1.753s] writing neuravac_cloud.egg-info/PKG-INFO
[1.760s] writing dependency_links to neuravac_cloud.egg-info/dependency_links.txt
[1.762s] writing entry points to neuravac_cloud.egg-info/entry_points.txt
[1.765s] writing requirements to neuravac_cloud.egg-info/requires.txt
[1.769s] writing top-level names to neuravac_cloud.egg-info/top_level.txt
[1.773s] writing manifest file 'neuravac_cloud.egg-info/SOURCES.txt'
[1.810s] reading manifest file 'neuravac_cloud.egg-info/SOURCES.txt'
[1.813s] writing manifest file 'neuravac_cloud.egg-info/SOURCES.txt'
[1.821s] running build_ext
[1.821s] Creating /workspace/ros2_ws/install/neuravac_cloud/lib/python3.12/site-packages/neuravac-cloud.egg-link (link to .)
[1.832s] Installing cloud_node script to /workspace/ros2_ws/install/neuravac_cloud/lib/neuravac_cloud
[1.848s] 
[1.848s] Installed /workspace/ros2_ws/build/neuravac_cloud
[1.849s] running symlink_data
[1.849s] creating /workspace/ros2_ws/install/neuravac_cloud/share/ament_index
[1.849s] creating /workspace/ros2_ws/install/neuravac_cloud/share/ament_index/resource_index
[1.849s] creating /workspace/ros2_ws/install/neuravac_cloud/share/ament_index/resource_index/packages
[1.850s] symbolically linking /workspace/ros2_ws/build/neuravac_cloud/resource/neuravac_cloud -> /workspace/ros2_ws/install/neuravac_cloud/share/ament_index/resource_index/packages
[1.850s] symbolically linking /workspace/ros2_ws/build/neuravac_cloud/package.xml -> /workspace/ros2_ws/install/neuravac_cloud/share/neuravac_cloud
[1.850s] creating /workspace/ros2_ws/install/neuravac_cloud/share/neuravac_cloud/launch
[1.851s] creating /workspace/ros2_ws/install/neuravac_cloud/share/neuravac_cloud/config
[1.889s] Invoked command in '/workspace/ros2_ws/build/neuravac_cloud' returned '0': AMENT_PREFIX_PATH=/workspace/ros2_ws/install/neuravac_base:${AMENT_PREFIX_PATH} PS1=(neuravac-ros) PYTHONPATH=/workspace/ros2_ws/build/neuravac_cloud/prefix_override:/usr/lib/python3/dist-packages/colcon_core/task/python/colcon_distutils_commands:/workspace/ros2_ws/install/neuravac_cloud/lib/python3.12/site-packages:/workspace/ros2_ws/build/neuravac_base:/workspace/ros2_ws/install/neuravac_base/lib/python3.12/site-packages:${PYTHONPATH} VIRTUAL_ENV_PROMPT=(neuravac-ros) /tmp/neuravac-ros/bin/python -W ignore:setup.py install is deprecated -W ignore:easy_install command is deprecated setup.py develop --editable --build-directory /workspace/ros2_ws/build/neuravac_cloud/build --no-deps symlink_data
