running develop
running egg_info
creating neuravac_dashboard.egg-info
writing neuravac_dashboard.egg-info/PKG-INFO
writing dependency_links to neuravac_dashboard.egg-info/dependency_links.txt
writing entry points to neuravac_dashboard.egg-info/entry_points.txt
writing requirements to neuravac_dashboard.egg-info/requires.txt
writing top-level names to neuravac_dashboard.egg-info/top_level.txt
writing manifest file 'neuravac_dashboard.egg-info/SOURCES.txt'
reading manifest file 'neuravac_dashboard.egg-info/SOURCES.txt'
writing manifest file 'neuravac_dashboard.egg-info/SOURCES.txt'
running build_ext
Creating /Users/ericchen/Documents/GitHub/NeuraVac/ros2_ws/install/neuravac_dashboard/lib/python3.12/site-packages/neuravac-dashboard.egg-link (link to .)
Installing dashboard_node script to /Users/ericchen/Documents/GitHub/NeuraVac/ros2_ws/install/neuravac_dashboard/lib/neuravac_dashboard

Installed /Users/ericchen/Documents/GitHub/NeuraVac/ros2_ws/build/neuravac_dashboard
running symlink_data
creating /Users/ericchen/Documents/GitHub/NeuraVac/ros2_ws/install/neuravac_dashboard/share/ament_index/resource_index/packages
symbolically linking /Users/ericchen/Documents/GitHub/NeuraVac/ros2_ws/build/neuravac_dashboard/resource/neuravac_dashboard -> /Users/ericchen/Documents/GitHub/NeuraVac/ros2_ws/install/neuravac_dashboard/share/ament_index/resource_index/packages
symbolically linking /Users/ericchen/Documents/GitHub/NeuraVac/ros2_ws/build/neuravac_dashboard/package.xml -> /Users/ericchen/Documents/GitHub/NeuraVac/ros2_ws/install/neuravac_dashboard/share/neuravac_dashboard
creating /Users/ericchen/Documents/GitHub/NeuraVac/ros2_ws/install/neuravac_dashboard/share/neuravac_dashboard/launch
creating /Users/ericchen/Documents/GitHub/NeuraVac/ros2_ws/install/neuravac_dashboard/share/neuravac_dashboard/config
