[0.494s] Invoking command in '/workspace/ros2_ws/build/neuravac_bringup': AMENT_PREFIX_PATH=/workspace/ros2_ws/install/neuravac_world_model:/workspace/ros2_ws/install/neuravac_semantic_map:/workspace/ros2_ws/install/neuravac_safety:/workspace/ros2_ws/install/neuravac_planner:/workspace/ros2_ws/install/neuravac_perception:/workspace/ros2_ws/install/neuravac_dashboard:/workspace/ros2_ws/install/neuravac_cloud:/workspace/ros2_ws/install/neuravac_cleaning:/workspace/ros2_ws/install/neuravac_base:${AMENT_PREFIX_PATH} PS1=(neuravac-ros) PYTHONPATH=/workspace/ros2_ws/build/neuravac_bringup/prefix_override:/usr/lib/python3/dist-packages/colcon_core/task/python/colcon_distutils_commands:/workspace/ros2_ws/install/neuravac_bringup/lib/python3.12/site-packages:/workspace/ros2_ws/build/neuravac_world_model:/workspace/ros2_ws/install/neuravac_world_model/lib/python3.12/site-packages:/workspace/ros2_ws/build/neuravac_semantic_map:/workspace/ros2_ws/install/neuravac_semantic_map/lib/python3.12/site-packages:/workspace/ros2_ws/build/neuravac_safety:/workspace/ros2_ws/install/neuravac_safety/lib/python3.12/site-packages:/workspace/ros2_ws/build/neuravac_planner:/workspace/ros2_ws/install/neuravac_planner/lib/python3.12/site-packages:/workspace/ros2_ws/build/neuravac_perception:/workspace/ros2_ws/install/neuravac_perception/lib/python3.12/site-packages:/workspace/ros2_ws/build/neuravac_dashboard:/workspace/ros2_ws/install/neuravac_dashboard/lib/python3.12/site-packages:/workspace/ros2_ws/build/neuravac_cloud:/workspace/ros2_ws/install/neuravac_cloud/lib/python3.12/site-packages:/workspace/ros2_ws/build/neuravac_cleaning:/workspace/ros2_ws/install/neuravac_cleaning/lib/python3.12/site-packages:/workspace/ros2_ws/build/neuravac_base:/workspace/ros2_ws/install/neuravac_base/lib/python3.12/site-packages:${PYTHONPATH} VIRTUAL_ENV_PROMPT=(neuravac-ros) /tmp/neuravac-ros/bin/python -W ignore:setup.py install is deprecated -W ignore:easy_install command is deprecated setup.py develop --editable --build-directory /workspace/ros2_ws/build/neuravac_bringup/build --no-deps symlink_data
[0.632s] running develop
[0.715s] running egg_info
[0.715s] creating neuravac_bringup.egg-info
[0.721s] writing neuravac_bringup.egg-info/PKG-INFO
[0.722s] writing dependency_links to neuravac_bringup.egg-info/dependency_links.txt
[0.722s] writing requirements to neuravac_bringup.egg-info/requires.txt
[0.722s] writing top-level names to neuravac_bringup.egg-info/top_level.txt
[0.723s] writing manifest file 'neuravac_bringup.egg-info/SOURCES.txt'
[0.738s] reading manifest file 'neuravac_bringup.egg-info/SOURCES.txt'
[0.739s] writing manifest file 'neuravac_bringup.egg-info/SOURCES.txt'
[0.746s] running build_ext
[0.746s] Creating /workspace/ros2_ws/install/neuravac_bringup/lib/python3.12/site-packages/neuravac-bringup.egg-link (link to .)
[0.747s] 
[0.747s] Installed /workspace/ros2_ws/build/neuravac_bringup
[0.747s] running symlink_data
[0.748s] creating /workspace/ros2_ws/install/neuravac_bringup/share/ament_index
[0.748s] creating /workspace/ros2_ws/install/neuravac_bringup/share/ament_index/resource_index
[0.748s] creating /workspace/ros2_ws/install/neuravac_bringup/share/ament_index/resource_index/packages
[0.748s] symbolically linking /workspace/ros2_ws/build/neuravac_bringup/resource/neuravac_bringup -> /workspace/ros2_ws/install/neuravac_bringup/share/ament_index/resource_index/packages
[0.749s] symbolically linking /workspace/ros2_ws/build/neuravac_bringup/package.xml -> /workspace/ros2_ws/install/neuravac_bringup/share/neuravac_bringup
[0.749s] creating /workspace/ros2_ws/install/neuravac_bringup/share/neuravac_bringup/launch
[0.749s] symbolically linking /workspace/ros2_ws/build/neuravac_bringup/launch/mapping.launch.py -> /workspace/ros2_ws/install/neuravac_bringup/share/neuravac_bringup/launch
[0.749s] symbolically linking /workspace/ros2_ws/build/neuravac_bringup/launch/saved_map.launch.py -> /workspace/ros2_ws/install/neuravac_bringup/share/neuravac_bringup/launch
[0.749s] symbolically linking /workspace/ros2_ws/build/neuravac_bringup/launch/bringup.launch.py -> /workspace/ros2_ws/install/neuravac_bringup/share/neuravac_bringup/launch
[0.750s] symbolically linking /workspace/ros2_ws/build/neuravac_bringup/launch/simulation.launch.py -> /workspace/ros2_ws/install/neuravac_bringup/share/neuravac_bringup/launch
[0.750s] symbolically linking /workspace/ros2_ws/build/neuravac_bringup/launch/demo.launch.py -> /workspace/ros2_ws/install/neuravac_bringup/share/neuravac_bringup/launch
[0.751s] symbolically linking /workspace/ros2_ws/build/neuravac_bringup/launch/hardware.launch.py -> /workspace/ros2_ws/install/neuravac_bringup/share/neuravac_bringup/launch
[0.751s] creating /workspace/ros2_ws/install/neuravac_bringup/share/neuravac_bringup/config
[0.752s] symbolically linking /workspace/ros2_ws/build/neuravac_bringup/config/navigation.yaml -> /workspace/ros2_ws/install/neuravac_bringup/share/neuravac_bringup/config
[0.754s] symbolically linking /workspace/ros2_ws/build/neuravac_bringup/config/robot.yaml -> /workspace/ros2_ws/install/neuravac_bringup/share/neuravac_bringup/config
[0.756s] symbolically linking /workspace/ros2_ws/build/neuravac_bringup/config/perception.yaml -> /workspace/ros2_ws/install/neuravac_bringup/share/neuravac_bringup/config
[0.767s] Invoked command in '/workspace/ros2_ws/build/neuravac_bringup' returned '0': AMENT_PREFIX_PATH=/workspace/ros2_ws/install/neuravac_world_model:/workspace/ros2_ws/install/neuravac_semantic_map:/workspace/ros2_ws/install/neuravac_safety:/workspace/ros2_ws/install/neuravac_planner:/workspace/ros2_ws/install/neuravac_perception:/workspace/ros2_ws/install/neuravac_dashboard:/workspace/ros2_ws/install/neuravac_cloud:/workspace/ros2_ws/install/neuravac_cleaning:/workspace/ros2_ws/install/neuravac_base:${AMENT_PREFIX_PATH} PS1=(neuravac-ros) PYTHONPATH=/workspace/ros2_ws/build/neuravac_bringup/prefix_override:/usr/lib/python3/dist-packages/colcon_core/task/python/colcon_distutils_commands:/workspace/ros2_ws/install/neuravac_bringup/lib/python3.12/site-packages:/workspace/ros2_ws/build/neuravac_world_model:/workspace/ros2_ws/install/neuravac_world_model/lib/python3.12/site-packages:/workspace/ros2_ws/build/neuravac_semantic_map:/workspace/ros2_ws/install/neuravac_semantic_map/lib/python3.12/site-packages:/workspace/ros2_ws/build/neuravac_safety:/workspace/ros2_ws/install/neuravac_safety/lib/python3.12/site-packages:/workspace/ros2_ws/build/neuravac_planner:/workspace/ros2_ws/install/neuravac_planner/lib/python3.12/site-packages:/workspace/ros2_ws/build/neuravac_perception:/workspace/ros2_ws/install/neuravac_perception/lib/python3.12/site-packages:/workspace/ros2_ws/build/neuravac_dashboard:/workspace/ros2_ws/install/neuravac_dashboard/lib/python3.12/site-packages:/workspace/ros2_ws/build/neuravac_cloud:/workspace/ros2_ws/install/neuravac_cloud/lib/python3.12/site-packages:/workspace/ros2_ws/build/neuravac_cleaning:/workspace/ros2_ws/install/neuravac_cleaning/lib/python3.12/site-packages:/workspace/ros2_ws/build/neuravac_base:/workspace/ros2_ws/install/neuravac_base/lib/python3.12/site-packages:${PYTHONPATH} VIRTUAL_ENV_PROMPT=(neuravac-ros) /tmp/neuravac-ros/bin/python -W ignore:setup.py install is deprecated -W ignore:easy_install command is deprecated setup.py develop --editable --build-directory /workspace/ros2_ws/build/neuravac_bringup/build --no-deps symlink_data
