[1.482s] Invoking command in '/workspace/ros2_ws/build/neuravac_perception': AMENT_PREFIX_PATH=/workspace/ros2_ws/install/neuravac_base:${AMENT_PREFIX_PATH} PS1=(neuravac-ros) PYTHONPATH=/workspace/ros2_ws/build/neuravac_perception/prefix_override:/usr/lib/python3/dist-packages/colcon_core/task/python/colcon_distutils_commands:/workspace/ros2_ws/install/neuravac_perception/lib/python3.12/site-packages:/workspace/ros2_ws/build/neuravac_base:/workspace/ros2_ws/install/neuravac_base/lib/python3.12/site-packages:${PYTHONPATH} VIRTUAL_ENV_PROMPT=(neuravac-ros) /tmp/neuravac-ros/bin/python -W ignore:setup.py install is deprecated -W ignore:easy_install command is deprecated setup.py develop --editable --build-directory /workspace/ros2_ws/build/neuravac_perception/build --no-deps symlink_data
[1.676s] running develop
[1.818s] running egg_info
[1.819s] creating neuravac_perception.egg-info
[1.845s] writing neuravac_perception.egg-info/PKG-INFO
[1.846s] writing dependency_links to neuravac_perception.egg-info/dependency_links.txt
[1.848s] writing entry points to neuravac_perception.egg-info/entry_points.txt
[1.849s] writing requirements to neuravac_perception.egg-info/requires.txt
[1.850s] writing top-level names to neuravac_perception.egg-info/top_level.txt
[1.850s] writing manifest file 'neuravac_perception.egg-info/SOURCES.txt'
[1.850s] reading manifest file 'neuravac_perception.egg-info/SOURCES.txt'
[1.850s] writing manifest file 'neuravac_perception.egg-info/SOURCES.txt'
[1.900s] running build_ext
[1.900s] Creating /workspace/ros2_ws/install/neuravac_perception/lib/python3.12/site-packages/neuravac-perception.egg-link (link to .)
[1.900s] Installing perception_node script to /workspace/ros2_ws/install/neuravac_perception/lib/neuravac_perception
[1.901s] 
[1.901s] Installed /workspace/ros2_ws/build/neuravac_perception
[1.901s] running symlink_data
[1.901s] creating /workspace/ros2_ws/install/neuravac_perception/share/ament_index
[1.902s] creating /workspace/ros2_ws/install/neuravac_perception/share/ament_index/resource_index
[1.902s] creating /workspace/ros2_ws/install/neuravac_perception/share/ament_index/resource_index/packages
[1.902s] symbolically linking /workspace/ros2_ws/build/neuravac_perception/resource/neuravac_perception -> /workspace/ros2_ws/install/neuravac_perception/share/ament_index/resource_index/packages
[1.902s] symbolically linking /workspace/ros2_ws/build/neuravac_perception/package.xml -> /workspace/ros2_ws/install/neuravac_perception/share/neuravac_perception
[1.902s] creating /workspace/ros2_ws/install/neuravac_perception/share/neuravac_perception/launch
[1.902s] creating /workspace/ros2_ws/install/neuravac_perception/share/neuravac_perception/config
[1.910s] Invoked command in '/workspace/ros2_ws/build/neuravac_perception' returned '0': AMENT_PREFIX_PATH=/workspace/ros2_ws/install/neuravac_base:${AMENT_PREFIX_PATH} PS1=(neuravac-ros) PYTHONPATH=/workspace/ros2_ws/build/neuravac_perception/prefix_override:/usr/lib/python3/dist-packages/colcon_core/task/python/colcon_distutils_commands:/workspace/ros2_ws/install/neuravac_perception/lib/python3.12/site-packages:/workspace/ros2_ws/build/neuravac_base:/workspace/ros2_ws/install/neuravac_base/lib/python3.12/site-packages:${PYTHONPATH} VIRTUAL_ENV_PROMPT=(neuravac-ros) /tmp/neuravac-ros/bin/python -W ignore:setup.py install is deprecated -W ignore:easy_install command is deprecated setup.py develop --editable --build-directory /workspace/ros2_ws/build/neuravac_perception/build --no-deps symlink_data
