[1.554s] Invoking command in '/Users/ericchen/Documents/GitHub/NeuraVac/ros2_ws/build/neuravac_world_model': AMENT_PREFIX_PATH=/Users/ericchen/Documents/GitHub/NeuraVac/ros2_ws/install/neuravac_base PYTHONPATH=/Users/ericchen/Documents/GitHub/NeuraVac/ros2_ws/build/neuravac_world_model/prefix_override:/Users/ericchen/Documents/GitHub/NeuraVac/.venv/lib/python3.12/site-packages/colcon_core/task/python/colcon_distutils_commands:/Users/ericchen/Documents/GitHub/NeuraVac/ros2_ws/install/neuravac_world_model/lib/python3.12/site-packages:/Users/ericchen/Documents/GitHub/NeuraVac/ros2_ws/build/neuravac_base:/Users/ericchen/Documents/GitHub/NeuraVac/ros2_ws/install/neuravac_base/lib/python3.12/site-packages SHLVL=2 _=/usr/bin/env /Users/ericchen/Documents/GitHub/NeuraVac/.venv/bin/python -W ignore:setup.py install is deprecated -W ignore:easy_install command is deprecated setup.py develop --editable --build-directory /Users/ericchen/Documents/GitHub/NeuraVac/ros2_ws/build/neuravac_world_model/build --no-deps symlink_data
[1.680s] /Users/ericchen/Documents/GitHub/NeuraVac/.venv/lib/python3.12/site-packages/setuptools/_distutils/dist.py:289: UserWarning: Unknown distribution option: 'tests_require'
[1.680s]   warnings.warn(msg)
[1.762s] running develop
[1.841s] running egg_info
[1.851s] creating neuravac_world_model.egg-info
[1.851s] writing neuravac_world_model.egg-info/PKG-INFO
[1.853s] writing dependency_links to neuravac_world_model.egg-info/dependency_links.txt
[1.853s] writing entry points to neuravac_world_model.egg-info/entry_points.txt
[1.854s] writing requirements to neuravac_world_model.egg-info/requires.txt
[1.854s] writing top-level names to neuravac_world_model.egg-info/top_level.txt
[1.858s] writing manifest file 'neuravac_world_model.egg-info/SOURCES.txt'
[1.893s] reading manifest file 'neuravac_world_model.egg-info/SOURCES.txt'
[1.893s] writing manifest file 'neuravac_world_model.egg-info/SOURCES.txt'
[1.894s] running build_ext
[1.894s] Creating /Users/ericchen/Documents/GitHub/NeuraVac/ros2_ws/install/neuravac_world_model/lib/python3.12/site-packages/neuravac-world-model.egg-link (link to .)
[1.894s] Installing world_model_node script to /Users/ericchen/Documents/GitHub/NeuraVac/ros2_ws/install/neuravac_world_model/lib/neuravac_world_model
[1.894s] 
[1.894s] Installed /Users/ericchen/Documents/GitHub/NeuraVac/ros2_ws/build/neuravac_world_model
[1.894s] running symlink_data
[1.895s] creating /Users/ericchen/Documents/GitHub/NeuraVac/ros2_ws/install/neuravac_world_model/share/ament_index/resource_index/packages
[1.895s] symbolically linking /Users/ericchen/Documents/GitHub/NeuraVac/ros2_ws/build/neuravac_world_model/resource/neuravac_world_model -> /Users/ericchen/Documents/GitHub/NeuraVac/ros2_ws/install/neuravac_world_model/share/ament_index/resource_index/packages
[1.895s] symbolically linking /Users/ericchen/Documents/GitHub/NeuraVac/ros2_ws/build/neuravac_world_model/package.xml -> /Users/ericchen/Documents/GitHub/NeuraVac/ros2_ws/install/neuravac_world_model/share/neuravac_world_model
[1.895s] creating /Users/ericchen/Documents/GitHub/NeuraVac/ros2_ws/install/neuravac_world_model/share/neuravac_world_model/launch
[1.895s] creating /Users/ericchen/Documents/GitHub/NeuraVac/ros2_ws/install/neuravac_world_model/share/neuravac_world_model/config
[1.935s] Invoked command in '/Users/ericchen/Documents/GitHub/NeuraVac/ros2_ws/build/neuravac_world_model' returned '0': AMENT_PREFIX_PATH=/Users/ericchen/Documents/GitHub/NeuraVac/ros2_ws/install/neuravac_base PYTHONPATH=/Users/ericchen/Documents/GitHub/NeuraVac/ros2_ws/build/neuravac_world_model/prefix_override:/Users/ericchen/Documents/GitHub/NeuraVac/.venv/lib/python3.12/site-packages/colcon_core/task/python/colcon_distutils_commands:/Users/ericchen/Documents/GitHub/NeuraVac/ros2_ws/install/neuravac_world_model/lib/python3.12/site-packages:/Users/ericchen/Documents/GitHub/NeuraVac/ros2_ws/build/neuravac_base:/Users/ericchen/Documents/GitHub/NeuraVac/ros2_ws/install/neuravac_base/lib/python3.12/site-packages SHLVL=2 _=/usr/bin/env /Users/ericchen/Documents/GitHub/NeuraVac/.venv/bin/python -W ignore:setup.py install is deprecated -W ignore:easy_install command is deprecated setup.py develop --editable --build-directory /Users/ericchen/Documents/GitHub/NeuraVac/ros2_ws/build/neuravac_world_model/build --no-deps symlink_data
